Hp@DESKTOP-74VF7RQ MINGW64 /e/first-repo-folder
$ git status
fatal: not a git repository (or any of the parent directories): .git

Hp@DESKTOP-74VF7RQ MINGW64 /e/first-repo-folder
$ git init
Initialized empty Git repository in E:/first-repo-folder/.git/

Hp@DESKTOP-74VF7RQ MINGW64 /e/first-repo-folder (master)
$ git remote add origin https://github.com/shaheerahmadtariq/First-repo.git

Hp@DESKTOP-74VF7RQ MINGW64 /e/first-repo-folder (master)
$ git status
On branch master

No commits yet

Untracked files:
  (use "git add <file>..." to include in what will be committed)
        hello.txt
        hello2.xlsx
        helloppt.pptx

nothing added to commit but untracked files present (use "git add" to track)

Hp@DESKTOP-74VF7RQ MINGW64 /e/first-repo-folder (master)
$ git add -
fatal: pathspec '-' did not match any files
a
Hp@DESKTOP-74VF7RQ MINGW64 /e/first-repo-folder (master)
$ git add -A

Hp@DESKTOP-74VF7RQ MINGW64 /e/first-repo-folder (master)
$ git status
On branch master

No commits yet

Changes to be committed:
  (use "git rm --cached <file>..." to unstage)
        new file:   hello.txt
        new file:   hello2.xlsx
        new file:   helloppt.pptx


Hp@DESKTOP-74VF7RQ MINGW64 /e/first-repo-folder (master)
$ git commit -m"all files are empty"
[master (root-commit) 7a17aa6] all files are empty
 3 files changed, 0 insertions(+), 0 deletions(-)
 create mode 100644 hello.txt
 create mode 100644 hello2.xlsx
 create mode 100644 helloppt.pptx

Hp@DESKTOP-74VF7RQ MINGW64 /e/first-repo-folder (master)
$ git push -u origin master
Enumerating objects: 4, done.
Counting objects: 100% (4/4), done.
Delta compression using up to 4 threads
Compressing objects: 100% (3/3), done.
Writing objects: 100% (4/4), 5.39 KiB | 2.70 MiB/s, done.
Total 4 (delta 0), reused 0 (delta 0), pack-reused 0
To https://github.com/shaheerahmadtariq/First-repo.git
 * [new branch]      master -> master
Branch 'master' set up to track remote branch 'master' from 'origin'.

Hp@DESKTOP-74VF7RQ MINGW64 /e/first-repo-folder (master)
$ git status
On branch master
Your branch is up to date with 'origin/master'.

Changes not staged for commit:
  (use "git add <file>..." to update what will be committed)
  (use "git restore <file>..." to discard changes in working directory)
        modified:   hello.txt

no changes added to commit (use "git add" and/or "git commit -a")

Hp@DESKTOP-74VF7RQ MINGW64 /e/first-repo-folder (master)
$ git add -A
gi
Hp@DESKTOP-74VF7RQ MINGW64 /e/first-repo-folder (master)
$ git commit -m"File has some chars"
[master 594c63d] File has some chars
 1 file changed, 1 insertion(+)

Hp@DESKTOP-74VF7RQ MINGW64 /e/first-repo-folder (master)
$ git push -u origin master
Enumerating objects: 5, done.
Counting objects: 100% (5/5), done.
Delta compression using up to 4 threads
Compressing objects: 100% (2/2), done.
Writing objects: 100% (3/3), 350 bytes | 350.00 KiB/s, done.
Total 3 (delta 0), reused 0 (delta 0), pack-reused 0
To https://github.com/shaheerahmadtariq/First-repo.git
   7a17aa6..594c63d  master -> master
Branch 'master' set up to track remote branch 'master' from 'origin'.

Hp@DESKTOP-74VF7RQ MINGW64 /e/first-repo-folder (master)
$
